1000

25
25
25

0
0
0

10
10
10
10
10

10
20
30
40
50

10
