x : INT = 0 : INT
x : INT = 0 : INT
10
20
30
40

x : INT = 1 : INT
20
30
40

x : INT = 2 : INT
30
40

x : INT = 3 : INT
40

