x : INT = 0 : INT
x : INT = 0 : INT
10

x : INT = 1 : INT
20

x : INT = 2 : INT
30

x : INT = 3 : INT
40

