digraph G {
	n0 [label="Class(Main)"];
	n0 -> n1;
	n0 -> n2;
	n1 [label="left", style=filled, fillcolor=gray];
	n2 [label="Class(Nested)"];
	n2 -> n5;
	n2 -> n6;
	n5 [label="Method(main,VOID)"];
	n5 -> n11;
	n5 -> n12;
	n11 [label="Method(bar,VOID)"];
	n11 -> n23;
	n11 -> n24;
	n23 [label="left", style=filled, fillcolor=gray];
	n24 [label="right", style=filled, fillcolor=gray];
	n12 [style=filled, fillcolor=black];
	n12 -> n25;
	n12 -> n26;
	n25 [label="Variable(foo,INT,5)"];
	n25 -> n51;
	n25 -> n52;
	n51 [label="Variable(bar,LONG,252525353213134)"];
	n51 -> n103;
	n51 -> n104;
	n103 [label="Variable(baz,SHORT,15)"];
	n103 -> n207;
	n103 -> n208;
	n207 [label="Variable(foobar,DOUBLE,0.1E1)"];
	n207 -> n415;
	n207 -> n416;
	n415 [style=filled, fillcolor=black];
	n415 -> n831;
	n415 -> n832;
	n831 [label="Variable(foobarbaz,INT,UNDEFINED)"];
	n831 -> n1663;
	n831 -> n1664;
	n1663 [label="Variable(pseudoboolean1,SHORT,UNDEFINED)"];
	n1663 -> n3327;
	n1663 -> n3328;
	n3327 [label="Variable(pseudoboolean2,SHORT,UNDEFINED)"];
	n3327 -> n6655;
	n3327 -> n6656;
	n6655 [label="Variable(pseudoboolean3,SHORT,UNDEFINED)"];
	n6655 -> n13311;
	n6655 -> n13312;
	n13311 [label="Variable(pb1,SHORT,UNDEFINED)"];
	n13311 -> n26623;
	n13311 -> n26624;
	n26623 [label="Variable(pb2,SHORT,UNDEFINED)"];
	n26623 -> n53247;
	n26623 -> n53248;
	n53247 [label="Variable(pb3,SHORT,UNDEFINED)"];
	n53247 -> n106495;
	n53247 -> n106496;
	n106495 [label="Variable(pb4,SHORT,UNDEFINED)"];
	n106495 -> n212991;
	n106495 -> n212992;
	n212991 [label="left", style=filled, fillcolor=gray];
	n212992 [label="right", style=filled, fillcolor=gray];
	n106496 [label="right", style=filled, fillcolor=gray];
	n53248 [label="right", style=filled, fillcolor=gray];
	n26624 [label="right", style=filled, fillcolor=gray];
	n13312 [label="right", style=filled, fillcolor=gray];
	n6656 [label="right", style=filled, fillcolor=gray];
	n3328 [label="right", style=filled, fillcolor=gray];
	n1664 [label="right", style=filled, fillcolor=gray];
	n832 [style=filled, fillcolor=black];
	n832 -> n1665;
	n832 -> n1666;
	n1665 [style=filled, fillcolor=black];
	n1665 -> n3331;
	n1665 -> n3332;
	n3331 [label="left", style=filled, fillcolor=gray];
	n3332 [label="Variable(inSwitch,INT,1)"];
	n3332 -> n6665;
	n3332 -> n6666;
	n6665 [label="Variable(inSwitch2,INT,1)"];
	n6665 -> n13331;
	n6665 -> n13332;
	n13331 [label="left", style=filled, fillcolor=gray];
	n13332 [label="right", style=filled, fillcolor=gray];
	n6666 [label="right", style=filled, fillcolor=gray];
	n1666 [label="Variable(inSwitch,INT,1)"];
	n1666 -> n3333;
	n1666 -> n3334;
	n3333 [label="Variable(inSwitch2,INT,1)"];
	n3333 -> n6667;
	n3333 -> n6668;
	n6667 [label="left", style=filled, fillcolor=gray];
	n6668 [label="right", style=filled, fillcolor=gray];
	n3334 [label="right", style=filled, fillcolor=gray];
	n416 [label="right", style=filled, fillcolor=gray];
	n208 [label="right", style=filled, fillcolor=gray];
	n104 [label="right", style=filled, fillcolor=gray];
	n52 [label="right", style=filled, fillcolor=gray];
	n26 [label="Variable(foo,INT,0)"];
	n26 -> n53;
	n26 -> n54;
	n53 [label="Variable(bar,LONG,0)"];
	n53 -> n107;
	n53 -> n108;
	n107 [label="Variable(baz,SHORT,0)"];
	n107 -> n215;
	n107 -> n216;
	n215 [label="Variable(foobar,DOUBLE,0.E0)"];
	n215 -> n431;
	n215 -> n432;
	n431 [label="left", style=filled, fillcolor=gray];
	n432 [label="right", style=filled, fillcolor=gray];
	n216 [label="right", style=filled, fillcolor=gray];
	n108 [label="right", style=filled, fillcolor=gray];
	n54 [label="right", style=filled, fillcolor=gray];
	n6 [label="Field(foo,INT,0)"];
	n6 -> n13;
	n6 -> n14;
	n13 [label="Field(bar,LONG,0)"];
	n13 -> n27;
	n13 -> n28;
	n27 [label="Field(baz,SHORT,0)"];
	n27 -> n55;
	n27 -> n56;
	n55 [label="Field(foobar,DOUBLE,0.E0)"];
	n55 -> n111;
	n55 -> n112;
	n111 [label="Method(method1,VOID)"];
	n111 -> n223;
	n111 -> n224;
	n223 [label="Method(method2,INT)"];
	n223 -> n447;
	n223 -> n448;
	n447 [label="left", style=filled, fillcolor=gray];
	n448 [label="right", style=filled, fillcolor=gray];
	n224 [label="Class(NestedInMethod)"];
	n224 -> n449;
	n224 -> n450;
	n449 [label="left", style=filled, fillcolor=gray];
	n450 [label="right", style=filled, fillcolor=gray];
	n112 [label="right", style=filled, fillcolor=gray];
	n56 [label="right", style=filled, fillcolor=gray];
	n28 [label="right", style=filled, fillcolor=gray];
	n14 [label="right", style=filled, fillcolor=gray];
}
