digraph G {
	n0 [label="Class(Main)"];
	n0 -> n1;
	n0 -> n2;
	n1 [label="left", style=filled, fillcolor=gray];
	n2 [label="Method(main,VOID)"];
	n2 -> n5;
	n2 -> n6;
	n5 [label="left", style=filled, fillcolor=gray];
	n6 [style=filled, fillcolor=black];
	n6 -> n13;
	n6 -> n14;
	n13 [label="left", style=filled, fillcolor=gray];
	n14 [label="right", style=filled, fillcolor=gray];
}
