digraph G {
	n0 [label="Class(Main)"];
	n0 -> n1;
	n0 -> n2;
	n1 [label="left", style=filled, fillcolor=gray];
	n2 [label="Method(main,VOID)"];
	n2 -> n5;
	n2 -> n6;
	n5 [label="left", style=filled, fillcolor=gray];
	n6 [label="Variable(x,INT,5)"];
	n6 -> n13;
	n6 -> n14;
	n13 [style=filled, fillcolor=black];
	n13 -> n27;
	n13 -> n28;
	n27 [label="left", style=filled, fillcolor=gray];
	n28 [label="right", style=filled, fillcolor=gray];
	n14 [label="right", style=filled, fillcolor=gray];
}
